// Jest Snapshot v1, https://goo.gl/fbAQLP

exports[`App renders properly 1`] = `
ShallowWrapper {
  "length": 1,
  Symbol(enzyme.__root__): [Circular],
  Symbol(enzyme.__unrendered__): <App
    characters={Array []}
    getAllCharacters={[Function]}
    ready={false}
/>,
  Symbol(enzyme.__renderer__): Object {
    "batchedUpdates": [Function],
    "getNode": [Function],
    "render": [Function],
    "simulateEvent": [Function],
    "unmount": [Function],
  },
  Symbol(enzyme.__node__): Object {
    "instance": null,
    "key": undefined,
    "nodeType": "host",
    "props": Object {
      "children": Array [
        <Connect(Header) />,
        <section>
          <article
                    className="comics-container"
          >
                    <SectionHeading
                              imageSrc="characters.png"
                              title="Characters"
                    />
                    <FaSpinner />
          </article>
          <aside
                    className="aside-container"
          >
                    <SectionHeading
                              imageSrc="favourites.png"
                              title="My favourites"
                    />
          </aside>
</section>,
        <Connect(Footer) />,
      ],
      "className": "App",
    },
    "ref": null,
    "rendered": Array [
      Object {
        "instance": null,
        "key": undefined,
        "nodeType": "class",
        "props": Object {},
        "ref": null,
        "rendered": null,
        "type": [Function],
      },
      Object {
        "instance": null,
        "key": undefined,
        "nodeType": "host",
        "props": Object {
          "children": Array [
            <article
              className="comics-container"
>
              <SectionHeading
                            imageSrc="characters.png"
                            title="Characters"
              />
              <FaSpinner />
</article>,
            <aside
              className="aside-container"
>
              <SectionHeading
                            imageSrc="favourites.png"
                            title="My favourites"
              />
</aside>,
          ],
        },
        "ref": null,
        "rendered": Array [
          Object {
            "instance": null,
            "key": undefined,
            "nodeType": "host",
            "props": Object {
              "children": Array [
                <SectionHeading
                  imageSrc="characters.png"
                  title="Characters"
/>,
                <FaSpinner />,
                false,
                false,
              ],
              "className": "comics-container",
            },
            "ref": null,
            "rendered": Array [
              Object {
                "instance": null,
                "key": undefined,
                "nodeType": "function",
                "props": Object {
                  "imageSrc": "characters.png",
                  "title": "Characters",
                },
                "ref": null,
                "rendered": null,
                "type": [Function],
              },
              Object {
                "instance": null,
                "key": undefined,
                "nodeType": "function",
                "props": Object {},
                "ref": null,
                "rendered": null,
                "type": [Function],
              },
              false,
              false,
            ],
            "type": "article",
          },
          Object {
            "instance": null,
            "key": undefined,
            "nodeType": "host",
            "props": Object {
              "children": <SectionHeading
                imageSrc="favourites.png"
                title="My favourites"
/>,
              "className": "aside-container",
            },
            "ref": null,
            "rendered": Object {
              "instance": null,
              "key": undefined,
              "nodeType": "function",
              "props": Object {
                "imageSrc": "favourites.png",
                "title": "My favourites",
              },
              "ref": null,
              "rendered": null,
              "type": [Function],
            },
            "type": "aside",
          },
        ],
        "type": "section",
      },
      Object {
        "instance": null,
        "key": undefined,
        "nodeType": "class",
        "props": Object {},
        "ref": null,
        "rendered": null,
        "type": [Function],
      },
    ],
    "type": "div",
  },
  Symbol(enzyme.__nodes__): Array [
    Object {
      "instance": null,
      "key": undefined,
      "nodeType": "host",
      "props": Object {
        "children": Array [
          <Connect(Header) />,
          <section>
            <article
                        className="comics-container"
            >
                        <SectionHeading
                                    imageSrc="characters.png"
                                    title="Characters"
                        />
                        <FaSpinner />
            </article>
            <aside
                        className="aside-container"
            >
                        <SectionHeading
                                    imageSrc="favourites.png"
                                    title="My favourites"
                        />
            </aside>
</section>,
          <Connect(Footer) />,
        ],
        "className": "App",
      },
      "ref": null,
      "rendered": Array [
        Object {
          "instance": null,
          "key": undefined,
          "nodeType": "class",
          "props": Object {},
          "ref": null,
          "rendered": null,
          "type": [Function],
        },
        Object {
          "instance": null,
          "key": undefined,
          "nodeType": "host",
          "props": Object {
            "children": Array [
              <article
                className="comics-container"
>
                <SectionHeading
                                imageSrc="characters.png"
                                title="Characters"
                />
                <FaSpinner />
</article>,
              <aside
                className="aside-container"
>
                <SectionHeading
                                imageSrc="favourites.png"
                                title="My favourites"
                />
</aside>,
            ],
          },
          "ref": null,
          "rendered": Array [
            Object {
              "instance": null,
              "key": undefined,
              "nodeType": "host",
              "props": Object {
                "children": Array [
                  <SectionHeading
                    imageSrc="characters.png"
                    title="Characters"
/>,
                  <FaSpinner />,
                  false,
                  false,
                ],
                "className": "comics-container",
              },
              "ref": null,
              "rendered": Array [
                Object {
                  "instance": null,
                  "key": undefined,
                  "nodeType": "function",
                  "props": Object {
                    "imageSrc": "characters.png",
                    "title": "Characters",
                  },
                  "ref": null,
                  "rendered": null,
                  "type": [Function],
                },
                Object {
                  "instance": null,
                  "key": undefined,
                  "nodeType": "function",
                  "props": Object {},
                  "ref": null,
                  "rendered": null,
                  "type": [Function],
                },
                false,
                false,
              ],
              "type": "article",
            },
            Object {
              "instance": null,
              "key": undefined,
              "nodeType": "host",
              "props": Object {
                "children": <SectionHeading
                  imageSrc="favourites.png"
                  title="My favourites"
/>,
                "className": "aside-container",
              },
              "ref": null,
              "rendered": Object {
                "instance": null,
                "key": undefined,
                "nodeType": "function",
                "props": Object {
                  "imageSrc": "favourites.png",
                  "title": "My favourites",
                },
                "ref": null,
                "rendered": null,
                "type": [Function],
              },
              "type": "aside",
            },
          ],
          "type": "section",
        },
        Object {
          "instance": null,
          "key": undefined,
          "nodeType": "class",
          "props": Object {},
          "ref": null,
          "rendered": null,
          "type": [Function],
        },
      ],
      "type": "div",
    },
  ],
  Symbol(enzyme.__options__): Object {
    "adapter": ReactSixteenAdapter {
      "options": Object {
        "enableComponentDidUpdateOnSetState": true,
      },
    },
    "disableLifecycleMethods": true,
  },
}
`;
